// Jest Snapshot v1, https://goo.gl/fbAQLP

exports[`NavBarCategory renders the NavBarCategory correctly 1`] = `ShallowWrapper {}`;
