// Jest Snapshot v1, https://goo.gl/fbAQLP

exports[`ContainerWithImage renders the ContainerWithImage correctly 1`] = `ShallowWrapper {}`;
