// Jest Snapshot v1, https://goo.gl/fbAQLP

exports[`SimpleContainer renders the SimpleContainer correctly 1`] = `ShallowWrapper {}`;
