// Jest Snapshot v1, https://goo.gl/fbAQLP

exports[`ContactLink renders the ContactLink correctly 1`] = `ShallowWrapper {}`;
